hello

git commands

Muhammads-MacBook-Pro:HawkEats muhammadfahad$ git status
On branch main
Your branch is up to date with 'origin/main'.

Untracked files:
  (use "git add <file>..." to include in what will be committed)
	.gitignore
	hawkEats/

nothing added to commit but untracked files present (use "git add" to track)
Muhammads-MacBook-Pro:HawkEats muhammadfahad$ git add .
Muhammads-MacBook-Pro:HawkEats muhammadfahad$ git commit -m "Add initial proj"
[main ac959d9] Add initial proj
 Committer: Muhammad Fahad <muhammadfahad@Muhammads-MacBook-Pro.local>
Your name and email address were configured automatically based
on your username and hostname. Please check that they are accurate.
You can suppress this message by setting them explicitly. Run the
following command and follow the instructions in your editor to edit
your configuration file:

    git config --global --edit

After doing this, you may fix the identity used for this commit with:

    git commit --amend --reset-author

 11 files changed, 754 insertions(+)
 create mode 100644 .gitignore
 create mode 100644 hawkEats/.gitignore
 create mode 100644 hawkEats/.mvn/wrapper/MavenWrapperDownloader.java
 create mode 100644 hawkEats/.mvn/wrapper/maven-wrapper.jar
 create mode 100644 hawkEats/.mvn/wrapper/maven-wrapper.properties
 create mode 100755 hawkEats/mvnw
 create mode 100644 hawkEats/mvnw.cmd
 create mode 100644 hawkEats/pom.xml
 create mode 100644 hawkEats/src/main/java/edu/monmouth/edu/HawkEatsApplication.java
 create mode 100644 hawkEats/src/main/resources/application.properties
 create mode 100644 hawkEats/src/test/java/edu/monmouth/edu/HawkEatsApplicationTests.java
Muhammads-MacBook-Pro:HawkEats muhammadfahad$ git status
On branch main
Your branch is ahead of 'origin/main' by 1 commit.
  (use "git push" to publish your local commits)

nothing to commit, working tree clean
Muhammads-MacBook-Pro:HawkEats muhammadfahad$ git push
Enumerating objects: 29, done.
Counting objects: 100% (29/29), done.
Delta compression using up to 4 threads
Compressing objects: 100% (18/18), done.
Writing objects: 100% (28/28), 52.72 KiB | 4.79 MiB/s, done.
Total 28 (delta 0), reused 0 (delta 0)
To https://github.com/Mofahad33/HawkEats.git
   9e304c5..ac959d9  main -> main
Muhammads-MacBook-Pro:HawkEats muhammadfahad$ 
